node.exe : FAIL src/benchmark/b
enchmark.service.spec.ts
At line:1 char:1
+ & "D:\laragon\bin\nodejs\node
-v22/node.exe" 
"D:\laragon\bin\nodejs\no ...
+ ~~~~~~~~~~~~~~~~~~~~~~~~~~~~~
~~~~~~~~~~~~~~~~~~~~~~~~~~~~~~~
~~~~~~~~~
    + CategoryInfo          :  
   NotSpecified: (FAIL src/be  
  nchm...service.spec.ts:Str   
 ing) [], RemoteException
    + FullyQualifiedErrorId :  
   NativeCommandError
 
  ΓùÅ Test suite failed to run

    Jest encountered an 
unexpected token

    Jest failed to parse a 
file. This happens e.g. when 
your code or its dependencies 
use non-standard JavaScript 
syntax, or when Jest is not 
configured to support such 
syntax.

    Out of the box Jest 
supports Babel, which will be 
used to transform your files 
into valid JS based on your 
Babel configuration.

    By default "node_modules" 
folder is ignored by 
transformers.

    Here's what you can do:
     ΓÇó If you are trying to 
use ECMAScript Modules, see htt
ps://jestjs.io/docs/ecmascript-
modules for how to enable it.
     ΓÇó If you are trying to 
use TypeScript, see https://jes
tjs.io/docs/getting-started#usi
ng-typescript
     ΓÇó To have some of your 
"node_modules" files 
transformed, you can specify a 
custom 
"transformIgnorePatterns" in 
your config.
     ΓÇó If you need a custom 
transformation, specify a 
"transform" option in your 
config.
     ΓÇó If you simply want to 
mock your non-JS modules (e.g. 
binary assets) you can stub 
them out with the 
"moduleNameMapper" config 
option.

    You'll find more details 
and examples of these config 
options in the docs:
    https://jestjs.io/docs/conf
iguration
    For information about 
custom transformations, see:
    https://jestjs.io/docs/code
-transformation

    Details:

    D:\laragon\www\indobench-ba
ckend\node_modules\p-limit\inde
x.js:1
    import Queue from 
'yocto-queue';
    ^^^^^^

    SyntaxError: Cannot use 
import statement outside a 
module

    [0m [90m  7 |[39m 
[36mimport[39m { 
[33mLogger[39m } 
[36mfrom[39m [32m'../utils/l
ogger'[39m[33m;[39m
     [90m  8 |[39m 
[36mimport[39m { [33mCreateB
atchDto[39m[33m,[39m 
[33mTestCaseDto[39m } 
[36mfrom[39m [32m'./dto/crea
te-batch.dto'[39m[33m;[39m
    [31m[1m>[22m[39m[90m  
9 |[39m [36mimport[39m 
pLimit [36mfrom[39m 
[32m'p-limit'[39m[33m;[39m
     [90m    |[39m 
[31m[1m^[22m[39m
     [90m 10 |[39m 
[36mimport[39m { 
[33mMODEL_PRICING[39m } 
[36mfrom[39m [32m'../models/
model-pricing'[39m[33m;[39m
     [90m 11 |[39m
     [90m 12 |[39m 
[36mconst[39m 
[33mMCQ_SYSTEM_PROMPT[39m 
[33m=[39m [32m`You are 
taking a multiple choice test 
in Indonesian.[39m[0m

      at 
Runtime.createScriptFromCode (.
./node_modules/jest-runtime/bui
ld/index.js:1318:40)
      at Object.<anonymous> (be
nchmark/benchmark.service.ts:9:
1)
      at Object.<anonymous> (be
nchmark/benchmark.service.spec.
ts:2:1)

Test Suites: 1 failed, 1 total
Tests:       0 total
Snapshots:   0 total
Time:        1.138 s
Ran all test suites matching sr
c/benchmark/benchmark.service.s
pec.ts.
